// Jest Snapshot v1, https://goo.gl/fbAQLP

exports[`matches snapshot 1`] = `
<DocumentFragment>
  <div>
    <div
      class="Box"
      style="background-color: orange; width: 40px; height: 40px;"
    />
    <button>
      Remove The Box!
    </button>
  </div>
</DocumentFragment>
`;
